// Vitest Snapshot v1, https://vitest.dev/guide/snapshot.html

exports[`TaskCreationDialog > render > should render 1`] = `
"<!--teleport start-->
<!--teleport end-->"
`;
