// Vitest Snapshot v1, https://vitest.dev/guide/snapshot.html

exports[`TaskCard > render > should render 1`] = `
"<form class="v-form" novalidate="" data-cy="task-form">
  <div class="v-container v-locale--is-ltr">
    <div class="v-row">
      <div class="v-col-md-4 v-col-12">
        <div class="v-input v-input--horizontal v-input--center-affix v-input--density-default v-theme--light v-locale--is-ltr v-text-field" data-cy="task-form-title-field">
          <!---->
          <div class="v-input__control">
            <div class="v-field v-field--center-affix v-field--variant-filled v-theme--light v-locale--is-ltr">
              <div class="v-field__overlay"></div>
              <div class="v-field__loader">
                <div class="v-progress-linear v-theme--light v-locale--is-ltr" style="top: 0px; height: 0px; --v-progress-linear-height: 2px;" role="progressbar" aria-hidden="true" aria-valuemin="0" aria-valuemax="100">
                  <!---->
                  <div class="v-progress-linear__background"></div>
                  <div class="v-progress-linear__buffer" style="width: 0%;"></div>
                  <transition-stub name="fade-transition" appear="false" persisted="false" css="true">
                    <div class="v-progress-linear__indeterminate">
                      <div class="v-progress-linear__indeterminate long"></div>
                      <div class="v-progress-linear__indeterminate short"></div>
                    </div>
                  </transition-stub>
                  <!---->
                </div>
              </div>
              <!---->
              <div class="v-field__field" data-no-activator=""><label class="v-label v-field-label v-field-label--floating" aria-hidden="true" for="input-0">
                  <!---->Titre
                </label><label class="v-label v-field-label" for="input-0">
                  <!---->Titre
                </label>
                <!----><input size="1" type="text" id="input-0" aria-describedby="input-0-messages" required="" class="v-field__input" value="">
                <!---->
              </div>
              <!---->
              <!---->
              <div class="v-field__outline">
                <!---->
                <!---->
              </div>
            </div>
          </div>
          <!---->
          <div id="input-0-messages" class="v-input__details" role="alert" aria-live="polite">
            <transition-group-stub name="slide-y-transition" tag="div" appear="false" persisted="false" css="true" class="v-messages">
              <!---->
            </transition-group-stub>
            <!---->
          </div>
        </div>
      </div>
      <div class="v-col-md-4 v-col-12">
        <div class="v-input v-input--horizontal v-input--center-affix v-input--density-default v-theme--light v-locale--is-ltr v-text-field" data-cy="task-form-description-field">
          <!---->
          <div class="v-input__control">
            <div class="v-field v-field--center-affix v-field--variant-filled v-theme--light v-locale--is-ltr">
              <div class="v-field__overlay"></div>
              <div class="v-field__loader">
                <div class="v-progress-linear v-theme--light v-locale--is-ltr" style="top: 0px; height: 0px; --v-progress-linear-height: 2px;" role="progressbar" aria-hidden="true" aria-valuemin="0" aria-valuemax="100">
                  <!---->
                  <div class="v-progress-linear__background"></div>
                  <div class="v-progress-linear__buffer" style="width: 0%;"></div>
                  <transition-stub name="fade-transition" appear="false" persisted="false" css="true">
                    <div class="v-progress-linear__indeterminate">
                      <div class="v-progress-linear__indeterminate long"></div>
                      <div class="v-progress-linear__indeterminate short"></div>
                    </div>
                  </transition-stub>
                  <!---->
                </div>
              </div>
              <!---->
              <div class="v-field__field" data-no-activator=""><label class="v-label v-field-label v-field-label--floating" aria-hidden="true" for="input-2">
                  <!---->Description
                </label><label class="v-label v-field-label" for="input-2">
                  <!---->Description
                </label>
                <!----><input size="1" type="text" id="input-2" aria-describedby="input-2-messages" required="" class="v-field__input" value="">
                <!---->
              </div>
              <!---->
              <!---->
              <div class="v-field__outline">
                <!---->
                <!---->
              </div>
            </div>
          </div>
          <!---->
          <div id="input-2-messages" class="v-input__details" role="alert" aria-live="polite">
            <transition-group-stub name="slide-y-transition" tag="div" appear="false" persisted="false" css="true" class="v-messages">
              <!---->
            </transition-group-stub>
            <!---->
          </div>
        </div>
      </div>
      <!--v-if-->
    </div>
  </div>
</form>"
`;
